Synthesis.ExporterOptions.readFromDesign - TIMING - Runtime of 'readFromDesign' took '0.000932s'.
Synthesis.ExporterOptions.readFromDesign - TIMING - Runtime of 'readFromDesign' took '0.000370s'.
Synthesis.BRepBody._ParseBRep - ERROR - Failed:
  File "/Users/arorad1/Library/Application Support/Autodesk/ApplicationPlugins/synthesis.bundle/Contents/src/Parser/SynthesisParser/Components.py", line 192, in _ParseBRep
    mesh = calc.calculate()
           ^^^^^^^^^^^^^^^^
  File "/Users/arorad1/Library/Application Support/Autodesk/webdeploy/production/fef2bfafd6478de64d4d4dd6f5900076b52574dd/Autodesk Fusion 360.app/Contents/Api/Python/packages/adsk/fusion.py", line 52009, in calculate
    return _fusion.TriangleMeshCalculator_calculate(self)
           ^^^^^^^^^^^^^^^^^^^^^^^^^^^^^^^^^^^^^^^^^^^^^^
RuntimeError: 2 : InternalValidationError : facesToFacet_.size() > 0

Synthesis.Parser.SynthesisParser.Parser - DEBUG - Compressing file
Synthesis.Parser.SynthesisParser.Parser - DEBUG - Appearances: 9
Materials: 3
Part-Definitions: 11
Parts: 12
Signals: 6
Joints: 7
Joint Hierarchy :
  |- ground
  |- Left1 type: 1  wheel : true
  |- Left2 type: 1  wheel : true
  |- Left3 type: 1  wheel : true
  |- Right1 type: 1  wheel : true
  |- Right2 type: 1  wheel : true
  |- Right3 type: 1  wheel : true
  |---> Left1 type: 1  wheel : true
  |---> Left2 type: 1  wheel : true
  |---> Left3 type: 1  wheel : true
  |---> Right1 type: 1  wheel : true
  |---> Right2 type: 1  wheel : true
  |---> Right3 type: 1  wheel : true
Synthesis.Parser.export - TIMING - Runtime of 'export' took '1.848657s'.
Synthesis.ExporterOptions.writeToDesign - TIMING - Runtime of 'writeToDesign' took '0.019989s'.
